I'm sorry, but errors were detected in your script. Please correct the
errors listed below, and try again.


File "game/scripts/script.rpy", line 13: Line with id checked_message_4b002da0 appears twice. The other line is game/scripts/Ch01.rpy:13

File "game/scripts/script.rpy", line 42: Line with id start_ca791746 appears twice. The other line is game/scripts/Ch01.rpy:42

File "game/scripts/script.rpy", line 43: Line with id start_443ed20f appears twice. The other line is game/scripts/Ch01.rpy:43

File "game/scripts/script.rpy", line 46: Line with id start_2f8a4a6a appears twice. The other line is game/scripts/Ch01.rpy:46

File "game/scripts/script.rpy", line 50: Line with id start_b97ee76c appears twice. The other line is game/scripts/Ch01.rpy:50

File "game/scripts/script.rpy", line 54: Line with id start_33643f5e appears twice. The other line is game/scripts/Ch01.rpy:54

File "game/scripts/script.rpy", line 58: Line with id start_847301a1 appears twice. The other line is game/scripts/Ch01.rpy:58

File "game/scripts/script.rpy", line 62: Line with id start_058af5a1 appears twice. The other line is game/scripts/Ch01.rpy:62

File "game/scripts/script.rpy", line 66: Line with id start_8f5d42e7 appears twice. The other line is game/scripts/Ch01.rpy:66

File "game/scripts/script.rpy", line 73: Line with id knock_door_event_d63d3cb0 appears twice. The other line is game/scripts/Ch01.rpy:73

File "game/scripts/script.rpy", line 79: Line with id knock_loop_1916583b appears twice. The other line is game/scripts/Ch01.rpy:79

File "game/scripts/script.rpy", line 87: Line with id break_door_choice_677f7a53 appears twice. The other line is game/scripts/Ch01.rpy:87

File "game/scripts/script.rpy", line 88: Line with id break_door_choice_c3af9548 appears twice. The other line is game/scripts/Ch01.rpy:88

File "game/scripts/script.rpy", line 95: Line with id break_door_choice_f82f7480 appears twice. The other line is game/scripts/Ch01.rpy:96

File "game/scripts/script.rpy", line 107: Line with id bad_end1_a991c17a appears twice. The other line is game/scripts/Ch01.rpy:108

File "game/scripts/script.rpy", line 111: Line with id bad_end1_a278dba8 appears twice. The other line is game/scripts/Ch01.rpy:112

File "game/scripts/script.rpy", line 115: Line with id bad_end1_85f29943 appears twice. The other line is game/scripts/Ch01.rpy:116

File "game/scripts/script.rpy", line 116: Line with id bad_end1_ce534fa7 appears twice. The other line is game/scripts/Ch01.rpy:117

File "game/scripts/script.rpy", line 120: Line with id bad_end1_7cbc045f appears twice. The other line is game/scripts/Ch01.rpy:121

File "game/scripts/script.rpy", line 121: Line with id bad_end1_375416d9 appears twice. The other line is game/scripts/Ch01.rpy:122

File "game/scripts/script.rpy", line 125: Line with id bad_end1_5d38ad82 appears twice. The other line is game/scripts/Ch01.rpy:126

File "game/scripts/script.rpy", line 126: Line with id bad_end1_ea8e08e6 appears twice. The other line is game/scripts/Ch01.rpy:127

File "game/scripts/script.rpy", line 130: Line with id bad_end1_8009f78c appears twice. The other line is game/scripts/Ch01.rpy:131

File "game/scripts/script.rpy", line 141: Line with id chapter1_3_4f133319 appears twice. The other line is game/scripts/Ch01.rpy:143

File "game/scripts/script.rpy", line 144: Line with id chapter1_3_5f6909e7 appears twice. The other line is game/scripts/Ch01.rpy:146

File "game/scripts/script.rpy", line 147: Line with id chapter1_3_b3e15c36 appears twice. The other line is game/scripts/Ch01.rpy:149

File "game/scripts/script.rpy", line 150: Line with id chapter1_3_848d0a5b appears twice. The other line is game/scripts/Ch01.rpy:152

File "game/scripts/script.rpy", line 153: Line with id chapter1_3_e6c83c21 appears twice. The other line is game/scripts/Ch01.rpy:155

File "game/scripts/script.rpy", line 157: Line with id chapter1_3_b01c5eff appears twice. The other line is game/scripts/Ch01.rpy:159

File "game/scripts/script.rpy", line 161: Line with id chapter1_3_ffe249bd appears twice. The other line is game/scripts/Ch01.rpy:163

File "game/scripts/script.rpy", line 165: Line with id chapter1_3_f1b89cbf appears twice. The other line is game/scripts/Ch01.rpy:167

File "game/scripts/script.rpy", line 169: Line with id chapter1_3_bf8fabdd appears twice. The other line is game/scripts/Ch01.rpy:171

File "game/scripts/script.rpy", line 173: Line with id chapter1_3_b8e136f0 appears twice. The other line is game/scripts/Ch01.rpy:175

File "game/scripts/script.rpy", line 174: Line with id chapter1_3_a8c12588 appears twice. The other line is game/scripts/Ch01.rpy:176

File "game/scripts/script.rpy", line 178: Line with id chapter1_3_0e7bbcac appears twice. The other line is game/scripts/Ch01.rpy:180

File "game/scripts/script.rpy", line 182: Line with id chapter1_3_2e0cf2f9 appears twice. The other line is game/scripts/Ch01.rpy:184

File "game/scripts/script.rpy", line 191: Line with id chapter1_4_2e7d014e appears twice. The other line is game/scripts/Ch01.rpy:193

File "game/scripts/script.rpy", line 195: Line with id chapter1_4_e2b2a613 appears twice. The other line is game/scripts/Ch01.rpy:197

File "game/scripts/script.rpy", line 198: Line with id chapter1_4_23095a04 appears twice. The other line is game/scripts/Ch01.rpy:200

File "game/scripts/script.rpy", line 206: Line with id location_select_e0ae8046 appears twice. The other line is game/scripts/Ch01.rpy:208

File "game/scripts/script.rpy", line 209: Line with id location_select_01acfb46 appears twice. The other line is game/scripts/Ch01.rpy:211

File "game/scripts/script.rpy", line 242: Line with id chapter1_4_1_d4bf61c7 appears twice. The other line is game/scripts/Ch01.rpy:244

File "game/scripts/script.rpy", line 247: Line with id chapter1_4_1_2f96ea67 appears twice. The other line is game/scripts/Ch01.rpy:249

File "game/scripts/script.rpy", line 250: Line with id chapter1_4_1_5965e5a5 appears twice. The other line is game/scripts/Ch01.rpy:252

File "game/scripts/script.rpy", line 254: Line with id chapter1_4_1_94aa8ef0 appears twice. The other line is game/scripts/Ch01.rpy:256

File "game/scripts/script.rpy", line 261: Line with id chapter1_4_1_1_f059ef3b appears twice. The other line is game/scripts/Ch01.rpy:263

File "game/scripts/script.rpy", line 264: Line with id chapter1_4_1_1_49345713 appears twice. The other line is game/scripts/Ch01.rpy:266

File "game/scripts/script.rpy", line 271: Line with id chapter1_4_1_2_c8610761 appears twice. The other line is game/scripts/Ch01.rpy:273

File "game/scripts/script.rpy", line 277: Line with id chapter1_4_1_2_1_662e4a48 appears twice. The other line is game/scripts/Ch01.rpy:279

File "game/scripts/script.rpy", line 280: Line with id chapter1_4_1_2_1_20531257 appears twice. The other line is game/scripts/Ch01.rpy:282

File "game/scripts/script.rpy", line 284: Line with id chapter1_4_1_2_1_f64afb71 appears twice. The other line is game/scripts/Ch01.rpy:286

File "game/scripts/script.rpy", line 293: Line with id chapter1_4_1_2_1_c4ed097b appears twice. The other line is game/scripts/Ch01.rpy:295

File "game/scripts/script.rpy", line 303: Line with id chapter1_4_2_f6e46c94 appears twice. The other line is game/scripts/Ch01.rpy:305

File "game/scripts/script.rpy", line 306: Line with id chapter1_4_2_68996945 appears twice. The other line is game/scripts/Ch01.rpy:308

File "game/scripts/script.rpy", line 307: Line with id chapter1_4_2_70259366 appears twice. The other line is game/scripts/Ch01.rpy:309

File "game/scripts/script.rpy", line 318: Line with id chapter1_4_2_1_0e6a43e9 appears twice. The other line is game/scripts/Ch01.rpy:320

File "game/scripts/script.rpy", line 319: Line with id chapter1_4_2_1_c4ed097b appears twice. The other line is game/scripts/Ch01.rpy:321

File "game/scripts/script.rpy", line 327: Line with id chapter1_4_2_1_21dcdc52 appears twice. The other line is game/scripts/Ch01.rpy:329

File "game/scripts/script.rpy", line 329: Line with id chapter1_4_2_1_429cb729 appears twice. The other line is game/scripts/Ch01.rpy:331

File "game/scripts/script.rpy", line 333: Line with id chapter1_4_2_1_fdc16d16 appears twice. The other line is game/scripts/Ch01.rpy:335

File "game/scripts/script.rpy", line 337: Line with id chapter1_4_2_2_74ceeac9 appears twice. The other line is game/scripts/Ch01.rpy:339

File "game/scripts/script.rpy", line 338: Line with id chapter1_4_2_2_c48b3495 appears twice. The other line is game/scripts/Ch01.rpy:340

File "game/scripts/script.rpy", line 345: Line with id chapter1_4_2_check_f1c8fb2a appears twice. The other line is game/scripts/Ch01.rpy:347

File "game/scripts/script.rpy", line 356: Line with id chapter1_4_3_c32cf75a appears twice. The other line is game/scripts/Ch01.rpy:358

File "game/scripts/script.rpy", line 360: Line with id chapter1_4_3_76b12777 appears twice. The other line is game/scripts/Ch01.rpy:362

File "game/scripts/script.rpy", line 364: Line with id chapter1_4_3_e8be281a appears twice. The other line is game/scripts/Ch01.rpy:366

File "game/scripts/script.rpy", line 365: Line with id chapter1_4_3_653d5e33 appears twice. The other line is game/scripts/Ch01.rpy:367

File "game/scripts/script.rpy", line 366: Line with id chapter1_4_3_e4883257 appears twice. The other line is game/scripts/Ch01.rpy:368

File "game/scripts/script.rpy", line 371: Line with id chapter1_4_3_f2a03b9b appears twice. The other line is game/scripts/Ch01.rpy:373

File "game/scripts/script.rpy", line 378: Line with id room_secret_locked_689402d9 appears twice. The other line is game/scripts/Ch01.rpy:380

File "game/scripts/script.rpy", line 386: Line with id chapter1_4_4_f4d0f773 appears twice. The other line is game/scripts/Ch01.rpy:388

File "game/scripts/script.rpy", line 389: Line with id chapter1_4_4_30c785b3 appears twice. The other line is game/scripts/Ch01.rpy:391

File "game/scripts/script.rpy", line 393: Line with id chapter1_4_4_f3665fe5 appears twice. The other line is game/scripts/Ch01.rpy:395

File "game/scripts/script.rpy", line 399: Line with id chapter1_4_4_c2ad238e appears twice. The other line is game/scripts/Ch01.rpy:401

File "game/scripts/script.rpy", line 403: Line with id chapter1_4_4_f5e11ec6 appears twice. The other line is game/scripts/Ch01.rpy:405

File "game/scripts/script.rpy", line 407: Line with id chapter1_4_4_50c483f3 appears twice. The other line is game/scripts/Ch01.rpy:409

File "game/scripts/script.rpy", line 411: Line with id chapter1_4_4_c701de2f appears twice. The other line is game/scripts/Ch01.rpy:413

File "game/scripts/script.rpy", line 415: Line with id chapter1_4_4_c1b34f34 appears twice. The other line is game/scripts/Ch01.rpy:417

File "game/scripts/script.rpy", line 425: Line with id chapter1_5_24cfd120 appears twice. The other line is game/scripts/Ch01.rpy:427

File "game/scripts/script.rpy", line 429: Line with id chapter1_5_d17cf050 appears twice. The other line is game/scripts/Ch01.rpy:431

File "game/scripts/script.rpy", line 430: Line with id chapter1_5_76d63b1a appears twice. The other line is game/scripts/Ch01.rpy:432

File "game/scripts/script.rpy", line 431: Line with id chapter1_5_4d0078d6 appears twice. The other line is game/scripts/Ch01.rpy:433

File "game/scripts/script.rpy", line 435: Line with id chapter1_5_dbed1aef appears twice. The other line is game/scripts/Ch01.rpy:437

File "game/scripts/script.rpy", line 443: Line with id chapter1_5_1_ec3f2960 appears twice. The other line is game/scripts/Ch01.rpy:445

File "game/scripts/script.rpy", line 444: Line with id chapter1_5_1_48dad3de appears twice. The other line is game/scripts/Ch01.rpy:446

File "game/scripts/script.rpy", line 445: Line with id chapter1_5_1_38dd051d appears twice. The other line is game/scripts/Ch01.rpy:447

File "game/scripts/script.rpy", line 446: Line with id chapter1_5_1_4ea28c69 appears twice. The other line is game/scripts/Ch01.rpy:448

File "game/scripts/script.rpy", line 473: Line with id chapter1_5_2_9a70ab95 appears twice. The other line is game/scripts/Ch01.rpy:475

File "game/scripts/script.rpy", line 474: Line with id chapter1_5_2_28566962 appears twice. The other line is game/scripts/Ch01.rpy:476

File "game/scripts/script.rpy", line 478: Line with id chapter1_5_2_df75bb0f appears twice. The other line is game/scripts/Ch01.rpy:480

File "game/scripts/script.rpy", line 479: Line with id chapter1_5_2_cc1a1711 appears twice. The other line is game/scripts/Ch01.rpy:481

File "game/scripts/script.rpy", line 483: Line with id chapter1_5_2_686e21d0 appears twice. The other line is game/scripts/Ch01.rpy:485

File "game/scripts/script.rpy", line 488: Line with id chapter1_5_2_c9e17066 appears twice. The other line is game/scripts/Ch01.rpy:490

File "game/scripts/script.rpy", line 489: Line with id chapter1_5_2_c905f846 appears twice. The other line is game/scripts/Ch01.rpy:491

File "game/scripts/script.rpy", line 500: Line with id chapter1_5_3_c82fdfb7 appears twice. The other line is game/scripts/Ch01.rpy:502

File "game/scripts/script.rpy", line 501: Line with id chapter1_5_3_4b9c4be0 appears twice. The other line is game/scripts/Ch01.rpy:503

File "game/scripts/script.rpy", line 505: Line with id chapter1_5_3_8b02b1fb appears twice. The other line is game/scripts/Ch01.rpy:507

File "game/scripts/script.rpy", line 506: Line with id chapter1_5_3_fc406df8 appears twice. The other line is game/scripts/Ch01.rpy:508

File "game/scripts/script.rpy", line 510: Line with id chapter1_5_3_a76af208 appears twice. The other line is game/scripts/Ch01.rpy:512

File "game/scripts/script.rpy", line 511: Line with id chapter1_5_3_4e2962b9 appears twice. The other line is game/scripts/Ch01.rpy:513

File "game/scripts/script.rpy", line 517: Line with id chapter1_5_3_84f77a02 appears twice. The other line is game/scripts/Ch01.rpy:519

File "game/scripts/script.rpy", line 518: Line with id chapter1_5_3_a7032c6f appears twice. The other line is game/scripts/Ch01.rpy:520

File "game/scripts/script.rpy", line 519: Line with id chapter1_5_3_5c729ca7 appears twice. The other line is game/scripts/Ch01.rpy:521

File "game/scripts/script.rpy", line 529: Line with id chapter1_5_4_8cf9d8ca appears twice. The other line is game/scripts/Ch01.rpy:531

File "game/scripts/script.rpy", line 530: Line with id chapter1_5_4_88d608e8 appears twice. The other line is game/scripts/Ch01.rpy:532

File "game/scripts/script.rpy", line 534: Line with id chapter1_5_4_24f6a675 appears twice. The other line is game/scripts/Ch01.rpy:536

File "game/scripts/script.rpy", line 538: Line with id chapter1_5_4_f7b0afd9 appears twice. The other line is game/scripts/Ch01.rpy:540

File "game/scripts/script.rpy", line 539: Line with id chapter1_5_4_24973ca2 appears twice. The other line is game/scripts/Ch01.rpy:541

File "game/scripts/script.rpy", line 543: Line with id chapter1_5_4_21f8123e appears twice. The other line is game/scripts/Ch01.rpy:545

File "game/scripts/script.rpy", line 544: Line with id chapter1_5_4_6db1d326 appears twice. The other line is game/scripts/Ch01.rpy:546

File "game/scripts/script.rpy", line 550: Line with id chapter1_5_4_039eabf2 appears twice. The other line is game/scripts/Ch01.rpy:552

File "game/scripts/script.rpy", line 551: Line with id chapter1_5_4_c0bff300 appears twice. The other line is game/scripts/Ch01.rpy:553

File "game/scripts/script.rpy", line 552: Line with id chapter1_5_4_5970af53 appears twice. The other line is game/scripts/Ch01.rpy:554

File "game/scripts/script.rpy", line 563: Line with id chapter1_5_5_c7b4fea2 appears twice. The other line is game/scripts/Ch01.rpy:565

File "game/scripts/script.rpy", line 564: Line with id chapter1_5_5_c21e4494 appears twice. The other line is game/scripts/Ch01.rpy:566

File "game/scripts/script.rpy", line 565: Line with id chapter1_5_5_7137ba20 appears twice. The other line is game/scripts/Ch01.rpy:567

File "game/scripts/script.rpy", line 569: Line with id chapter1_5_5_600f2bc6 appears twice. The other line is game/scripts/Ch01.rpy:571

File "game/scripts/script.rpy", line 573: Line with id chapter1_5_5_c4f51105 appears twice. The other line is game/scripts/Ch01.rpy:575

File "game/scripts/script.rpy", line 574: Line with id chapter1_5_5_9b648615 appears twice. The other line is game/scripts/Ch01.rpy:576

File "game/scripts/script.rpy", line 580: Line with id chapter1_5_5_3ddad301 appears twice. The other line is game/scripts/Ch01.rpy:582

File "game/scripts/script.rpy", line 581: Line with id chapter1_5_5_590e2f26 appears twice. The other line is game/scripts/Ch01.rpy:583

File "game/scripts/script.rpy", line 582: Line with id chapter1_5_5_5970af53 appears twice. The other line is game/scripts/Ch01.rpy:584

File "game/scripts/script.rpy", line 591: Line with id chapter1_5_6_2521dfbd appears twice. The other line is game/scripts/Ch01.rpy:593

File "game/scripts/script.rpy", line 592: Line with id chapter1_5_6_af60ff09 appears twice. The other line is game/scripts/Ch01.rpy:594

File "game/scripts/script.rpy", line 593: Line with id chapter1_5_6_64afc86d appears twice. The other line is game/scripts/Ch01.rpy:595

File "game/scripts/script.rpy", line 598: Line with id chapter1_5_6_6dae4fc1 appears twice. The other line is game/scripts/Ch01.rpy:600

File "game/scripts/script.rpy", line 605: Line with id chapter1_5_7_a58928c0 appears twice. The other line is game/scripts/Ch01.rpy:607

File "game/scripts/script.rpy", line 609: Line with id chapter1_5_7_949e4118 appears twice. The other line is game/scripts/Ch01.rpy:611

File "game/scripts/script.rpy", line 610: Line with id chapter1_5_7_3076b3b2 appears twice. The other line is game/scripts/Ch01.rpy:612

File "game/scripts/script.rpy", line 611: Line with id chapter1_5_7_6ccc8d28 appears twice. The other line is game/scripts/Ch01.rpy:613

File "game/scripts/script.rpy", line 616: Line with id chapter1_5_7_09690a56 appears twice. The other line is game/scripts/Ch01.rpy:618

File "game/scripts/script.rpy", line 625: Line with id chapter1_6_012891b0 appears twice. The other line is game/scripts/Ch01.rpy:627

File "game/scripts/script.rpy", line 626: Line with id chapter1_6_be3119e9 appears twice. The other line is game/scripts/Ch01.rpy:628

File "game/scripts/script.rpy", line 627: Line with id chapter1_6_0dca364d appears twice. The other line is game/scripts/Ch01.rpy:629

File "game/scripts/script.rpy", line 632: Line with id chapter1_6_195e6ce4 appears twice. The other line is game/scripts/Ch01.rpy:634

File "game/scripts/script.rpy", line 635: Line with id chapter1_6_ac2ea608 appears twice. The other line is game/scripts/Ch01.rpy:637

File "game/scripts/script.rpy", line 639: Line with id chapter1_6_f1fdafaf appears twice. The other line is game/scripts/Ch01.rpy:641

File "game/scripts/script.rpy", line 643: Line with id chapter1_6_82a25ecd appears twice. The other line is game/scripts/Ch01.rpy:645

File "game/scripts/script.rpy", line 647: Line with id chapter1_6_994593b2 appears twice. The other line is game/scripts/Ch01.rpy:649

File "game/scripts/script.rpy", line 648: Line with id chapter1_6_5c783af3 appears twice. The other line is game/scripts/Ch01.rpy:650

File "game/scripts/script.rpy", line 649: Line with id chapter1_6_2df467a1 appears twice. The other line is game/scripts/Ch01.rpy:651

File "game/scripts/script.rpy", line 650: Line with id chapter1_6_3a08b87a appears twice. The other line is game/scripts/Ch01.rpy:652

File "game/scripts/script.rpy", line 654: Line with id chapter1_6_77ca5f0e appears twice. The other line is game/scripts/Ch01.rpy:656

File "game/scripts/script.rpy", line 658: Line with id chapter1_6_233cc107 appears twice. The other line is game/scripts/Ch01.rpy:660

File "game/scripts/script.rpy", line 659: Line with id chapter1_6_03772d85 appears twice. The other line is game/scripts/Ch01.rpy:661

File "game/scripts/script.rpy", line 663: Line with id chapter1_6_c8b20a8c appears twice. The other line is game/scripts/Ch01.rpy:665

File "game/scripts/script.rpy", line 667: Line with id chapter1_6_dc1a6f62 appears twice. The other line is game/scripts/Ch01.rpy:669

File "game/scripts/script.rpy", line 671: Line with id chapter1_6_6cd91b97 appears twice. The other line is game/scripts/Ch01.rpy:673

File "game/scripts/script.rpy", line 672: Line with id chapter1_6_6982dac5 appears twice. The other line is game/scripts/Ch01.rpy:674

File "game/scripts/script.rpy", line 676: Line with id chapter1_6_dd3f206d appears twice. The other line is game/scripts/Ch01.rpy:678

File "game/scripts/script.rpy", line 677: Line with id chapter1_6_297c8706 appears twice. The other line is game/scripts/Ch01.rpy:679

File "game/scripts/script.rpy", line 678: Line with id chapter1_6_2879b5d3 appears twice. The other line is game/scripts/Ch01.rpy:680

File "game/scripts/script.rpy", line 682: Line with id chapter1_6_3affe6c8 appears twice. The other line is game/scripts/Ch01.rpy:684

File "game/scripts/script.rpy", line 683: Line with id chapter1_6_731cf9ba appears twice. The other line is game/scripts/Ch01.rpy:685

File "game/scripts/script.rpy", line 684: Line with id chapter1_6_cc4dbda0 appears twice. The other line is game/scripts/Ch01.rpy:686

File "game/scripts/script.rpy", line 688: Line with id chapter1_6_5062d467 appears twice. The other line is game/scripts/Ch01.rpy:690

File "game/scripts/script.rpy", line 690: Line with id chapter1_6_72d61a46 appears twice. The other line is game/scripts/Ch01.rpy:692

File "game/scripts/script.rpy", line 691: Line with id chapter1_6_d15d4b7e appears twice. The other line is game/scripts/Ch01.rpy:693

File "game/scripts/script.rpy", line 718: Line with id chapter1_qte_event_faf09548 appears twice. The other line is game/scripts/Ch01.rpy:720

File "game/scripts/script.rpy", line 725: Line with id chapter1_qte_event_05a18289 appears twice. The other line is game/scripts/Ch01.rpy:727

File "game/scripts/script.rpy", line 726: Line with id chapter1_qte_event_a93f34cc appears twice. The other line is game/scripts/Ch01.rpy:728

File "game/scripts/script.rpy", line 732: Line with id chapter1_qte_event_6c096c5e appears twice. The other line is game/scripts/Ch01.rpy:734

File "game/scripts/script.rpy", line 733: Line with id chapter1_qte_event_2071367d appears twice. The other line is game/scripts/Ch01.rpy:735

File "game/scripts/script.rpy", line 740: Line with id chapter1_qte_event_750aaa68 appears twice. The other line is game/scripts/Ch01.rpy:742

File "game/scripts/script.rpy", line 779: Line with id chapter1_6_fail_b7d0cbda appears twice. The other line is game/scripts/Ch01.rpy:781

File "game/scripts/script.rpy", line 780: Line with id chapter1_6_fail_25919037 appears twice. The other line is game/scripts/Ch01.rpy:782

File "game/scripts/script.rpy", line 782: Line with id chapter1_6_fail_72d61a46 appears twice. The other line is game/scripts/Ch01.rpy:784

File "game/scripts/script.rpy", line 783: Line with id chapter1_6_fail_d15d4b7e appears twice. The other line is game/scripts/Ch01.rpy:785

File "game/scripts/script.rpy", line 788: Line with id chapter1_7_89e71d51 appears twice. The other line is game/scripts/Ch01.rpy:790

File "game/scripts/script.rpy", line 792: Line with id chapter1_7_6bdfaa37 appears twice. The other line is game/scripts/Ch01.rpy:794

File "game/scripts/script.rpy", line 793: Line with id chapter1_7_a81a6df6 appears twice. The other line is game/scripts/Ch01.rpy:795

File "game/scripts/script.rpy", line 797: Line with id chapter1_7_45050ef3 appears twice. The other line is game/scripts/Ch01.rpy:799

File "game/scripts/script.rpy", line 800: Line with id chapter1_7_0fb08f6b appears twice. The other line is game/scripts/Ch01.rpy:802

File "game/scripts/script.rpy", line 801: Line with id chapter1_7_e72e002c appears twice. The other line is game/scripts/Ch01.rpy:803

File "game/scripts/script.rpy", line 804: Line with id chapter1_7_e03b98d7 appears twice. The other line is game/scripts/Ch01.rpy:806

File "game/scripts/script.rpy", line 808: Line with id chapter1_7_d12c4bcc appears twice. The other line is game/scripts/Ch01.rpy:810

File "game/scripts/script.rpy", line 812: Line with id chapter1_7_2a3bead7 appears twice. The other line is game/scripts/Ch01.rpy:814

File "game/scripts/script.rpy", line 816: Line with id chapter1_7_f0b0b6e9 appears twice. The other line is game/scripts/Ch01.rpy:818

File "game/scripts/script.rpy", line 817: Line with id chapter1_7_b23206b5 appears twice. The other line is game/scripts/Ch01.rpy:819

File "game/scripts/script.rpy", line 818: Line with id chapter1_7_082b7c63 appears twice. The other line is game/scripts/Ch01.rpy:820

File "game/scripts/script.rpy", line 822: Line with id chapter1_7_3f5aaca3 appears twice. The other line is game/scripts/Ch01.rpy:824

File "game/scripts/script.rpy", line 823: Line with id chapter1_7_17da496a appears twice. The other line is game/scripts/Ch01.rpy:825

File "game/scripts/script.rpy", line 826: Line with id chapter1_7_2fa844bc appears twice. The other line is game/scripts/Ch01.rpy:828

File "game/scripts/script.rpy", line 827: Line with id chapter1_7_e69b9ec8 appears twice. The other line is game/scripts/Ch01.rpy:829

File "game/scripts/script.rpy", line 831: Line with id chapter1_7_286bb40a appears twice. The other line is game/scripts/Ch01.rpy:833

File "game/scripts/script.rpy", line 835: Line with id chapter1_7_1f14c476 appears twice. The other line is game/scripts/Ch01.rpy:837

File "game/scripts/script.rpy", line 839: Line with id chapter1_7_30997dc8 appears twice. The other line is game/scripts/Ch01.rpy:841

File "game/scripts/script.rpy", line 843: Line with id chapter1_7_5c11e4f7 appears twice. The other line is game/scripts/Ch01.rpy:845

File "game/scripts/script.rpy", line 844: Line with id chapter1_7_c740cf05 appears twice. The other line is game/scripts/Ch01.rpy:846

File "game/scripts/script.rpy", line 845: Line with id chapter1_7_96314653 appears twice. The other line is game/scripts/Ch01.rpy:847

File "game/scripts/script.rpy", line 864: Line with id chapter1_8_3f964f0c appears twice. The other line is game/scripts/Ch01.rpy:866

File "game/scripts/script.rpy", line 865: Line with id chapter1_8_460ead13 appears twice. The other line is game/scripts/Ch01.rpy:867

File "game/scripts/script.rpy", line 866: Line with id chapter1_8_cfee88a9 appears twice. The other line is game/scripts/Ch01.rpy:868

File "game/scripts/script.rpy", line 867: Line with id chapter1_8_0132d55b appears twice. The other line is game/scripts/Ch01.rpy:869

File "game/scripts/script.rpy", line 877: Line with id chapter1_8_da36fa26 appears twice. The other line is game/scripts/Ch01.rpy:879

File "game/scripts/script.rpy", line 878: Line with id chapter1_8_eab89258 appears twice. The other line is game/scripts/Ch01.rpy:880

File "game/scripts/script.rpy", line 884: Line with id chapter1_8_f0eb3045 appears twice. The other line is game/scripts/Ch01.rpy:886

File "game/scripts/script.rpy", line 885: Line with id chapter1_8_01906d2d appears twice. The other line is game/scripts/Ch01.rpy:887

File "game/scripts/script.rpy", line 893: Line with id chapter1_8_2c6572de appears twice. The other line is game/scripts/Ch01.rpy:895

File "game/scripts/script.rpy", line 894: Line with id chapter1_8_750aaa68 appears twice. The other line is game/scripts/Ch01.rpy:896

File "game/scripts/script.rpy", line 903: Line with id chapter1_9_093d4cd5 appears twice. The other line is game/scripts/Ch01.rpy:905

File "game/scripts/script.rpy", line 907: Line with id chapter1_9_5e2c278a appears twice. The other line is game/scripts/Ch01.rpy:909

File "game/scripts/script.rpy", line 913: Line with id chapter1_9_6c6b8842 appears twice. The other line is game/scripts/Ch01.rpy:915

File "game/scripts/script.rpy", line 914: Line with id chapter1_9_47577724 appears twice. The other line is game/scripts/Ch01.rpy:916

File "game/scripts/script.rpy", line 917: Line with id chapter1_9_6b904480 appears twice. The other line is game/scripts/Ch01.rpy:919

File "game/scripts/script.rpy", line 920: Line with id chapter1_9_da754919 appears twice. The other line is game/scripts/Ch01.rpy:922

File "game/scripts/script.rpy", line 923: Line with id chapter1_9_ebbece3f appears twice. The other line is game/scripts/Ch01.rpy:925

File "game/scripts/script.rpy", line 928: Line with id chapter1_9_ce64d292 appears twice. The other line is game/scripts/Ch01.rpy:930

File "game/scripts/script.rpy", line 938: Line with id chapter1_10_c23b42b5 appears twice. The other line is game/scripts/Ch01.rpy:940

File "game/scripts/script.rpy", line 939: Line with id chapter1_10_7f84d14f appears twice. The other line is game/scripts/Ch01.rpy:941

File "game/scripts/script.rpy", line 940: Line with id chapter1_10_9d9eddb9 appears twice. The other line is game/scripts/Ch01.rpy:942

File "game/scripts/script.rpy", line 946: Line with id chapter1_10_98546e69 appears twice. The other line is game/scripts/Ch01.rpy:948

File "game/scripts/script.rpy", line 947: Line with id chapter1_10_35827652 appears twice. The other line is game/scripts/Ch01.rpy:949

File "game/scripts/script.rpy", line 951: Line with id chapter1_10_ab760be3 appears twice. The other line is game/scripts/Ch01.rpy:953

File "game/scripts/script.rpy", line 955: Line with id chapter1_10_7ae01b87 appears twice. The other line is game/scripts/Ch01.rpy:957

File "game/scripts/script.rpy", line 959: Line with id chapter1_10_b41bd268 appears twice. The other line is game/scripts/Ch01.rpy:961

File "game/scripts/script.rpy", line 960: Line with id chapter1_10_d31d45af appears twice. The other line is game/scripts/Ch01.rpy:962

File "game/scripts/script.rpy", line 964: Line with id chapter1_10_ec8ae8d6 appears twice. The other line is game/scripts/Ch01.rpy:966

File "game/scripts/script.rpy", line 965: Line with id chapter1_10_6e1ce467 appears twice. The other line is game/scripts/Ch01.rpy:967

File "game/scripts/script.rpy", line 969: Line with id chapter1_10_ef23538c appears twice. The other line is game/scripts/Ch01.rpy:971

File "game/scripts/script.rpy", line 970: Line with id chapter1_10_c582af26 appears twice. The other line is game/scripts/Ch01.rpy:972

File "game/scripts/script.rpy", line 975: Line with id chapter1_10_25bdcbbf appears twice. The other line is game/scripts/Ch01.rpy:977

File "game/scripts/script.rpy", line 976: Line with id chapter1_10_1c5ade37 appears twice. The other line is game/scripts/Ch01.rpy:978

File "game/scripts/script.rpy", line 977: Line with id chapter1_10_ca92c33e appears twice. The other line is game/scripts/Ch01.rpy:979

File "game/scripts/script.rpy", line 978: Line with id chapter1_10_8be3b926 appears twice. The other line is game/scripts/Ch01.rpy:980

File "game/scripts/script.rpy", line 979: Line with id chapter1_10_bf477af8 appears twice. The other line is game/scripts/Ch01.rpy:981

Ren'Py Version: Ren'Py 8.3.7.25031702
Tue May 20 04:58:23 2025
